// Jest Snapshot v1, https://goo.gl/fbAQLP

exports[`log in form renders correctly 1`] = `
<View>
  <View
    style={
      Object {
        "alignItems": "center",
        "flex": 1,
        "marginEnd": "auto",
        "marginStart": "auto",
      }
    }
  >
    <Text
      style={
        Object {
          "alignSelf": "flex-start",
          "fontSize": 22,
          "fontWeight": "bold",
          "marginBottom": 10,
        }
      }
    >
      Log in
    </Text>
    <Text
      style={
        Object {
          "alignSelf": "flex-start",
          "fontSize": 16,
          "marginBottom": 10,
        }
      }
    >
      Solid identity provider:
    </Text>
    <TextInput
      allowFontScaling={true}
      onChangeText={[Function]}
      placeholder="e. g. https://solidcommunity.net"
      rejectResponderTermination={true}
      style={
        Object {
          "borderColor": "gray",
          "borderRadius": 4,
          "borderWidth": 1,
          "height": 40,
          "marginBottom": 20,
          "width": 270,
        }
      }
      underlineColorAndroid="transparent"
    />
    <Text
      style={
        Object {
          "alignSelf": "flex-start",
          "fontSize": 16,
          "marginBottom": 10,
        }
      }
    >
      Username:
    </Text>
    <TextInput
      allowFontScaling={true}
      onChangeText={[Function]}
      placeholder="Username"
      rejectResponderTermination={true}
      style={
        Object {
          "borderColor": "gray",
          "borderRadius": 4,
          "borderWidth": 1,
          "height": 40,
          "marginBottom": 20,
          "width": 270,
        }
      }
      underlineColorAndroid="transparent"
    />
    <Text
      style={
        Object {
          "alignSelf": "flex-start",
          "fontSize": 16,
          "marginBottom": 10,
        }
      }
    >
      Password:
    </Text>
    <TextInput
      allowFontScaling={true}
      onChangeText={[Function]}
      placeholder="Password"
      rejectResponderTermination={true}
      secureTextEntry={true}
      style={
        Object {
          "borderColor": "gray",
          "borderRadius": 4,
          "borderWidth": 1,
          "height": 40,
          "marginBottom": 20,
          "width": 270,
        }
      }
      underlineColorAndroid="transparent"
    />
    <View
      accessible={true}
      collapsable={false}
      focusable={true}
      onBlur={[Function]}
      onClick={[Function]}
      onFocus={[Function]}
      onResponderGrant={[Function]}
      onResponderMove={[Function]}
      onResponderRelease={[Function]}
      onResponderTerminate={[Function]}
      onResponderTerminationRequest={[Function]}
      onStartShouldSetResponder={[Function]}
      style={
        Object {
          "alignSelf": "flex-end",
        }
      }
    >
      <Text
        style={
          Object {
            "alignSelf": "flex-end",
            "backgroundColor": "#007bff",
            "borderRadius": 4,
            "color": "white",
            "fontSize": 16,
            "height": 40,
            "textAlign": "center",
            "textAlignVertical": "center",
            "width": 100,
          }
        }
      >
        Send
      </Text>
    </View>
  </View>
  <View
    style={
      Object {
        "alignItems": "flex-start",
        "backgroundColor": "#e3e3e3",
        "borderRadius": 4,
        "margin": 25,
        "marginTop": 30,
        "padding": 15,
      }
    }
  >
    <View
      style={
        Object {
          "overflow": "hidden",
        }
      }
    >
      <View>
        <View
          style={
            Object {
              "alignItems": "center",
              "backgroundColor": "transparent",
              "justifyContent": "center",
            }
          }
        >
          <Text
            allowFontScaling={false}
            style={
              Array [
                Object {
                  "color": "#242424",
                  "fontSize": 24,
                },
                Object {
                  "backgroundColor": "transparent",
                },
                Object {
                  "fontFamily": "Material Icons",
                  "fontStyle": "normal",
                  "fontWeight": "normal",
                },
                Object {},
              ]
            }
            testID="iconIcon"
          >
            
          </Text>
        </View>
      </View>
    </View>
    <Text
      style={
        Object {
          "marginTop": 7,
        }
      }
    >
      To use Radarin you need to have a Solid POD and have added https://solid-node-client as a trusted app
    </Text>
    <Text
      style={
        Object {
          "marginTop": 7,
        }
      }
    >
      If you don't have a POD, you can get one 
      <Text
        onPress={[Function]}
        style={
          Object {
            "color": "#3d48e3",
            "textDecorationLine": "underline",
          }
        }
      >
        here
      </Text>
      .
    </Text>
    <Text
      style={
        Object {
          "marginTop": 7,
        }
      }
    >
      If you don't know how to add a trusted app, you can find more information 
      <Text
        onPress={[Function]}
        style={
          Object {
            "color": "#3d48e3",
            "textDecorationLine": "underline",
          }
        }
      >
        here
      </Text>
      .
    </Text>
  </View>
</View>
`;

exports[`logged in view renders correctly 1`] = `
<View
  style={
    Object {
      "flex": 1,
    }
  }
>
  <View
    style={
      Object {
        "marginEnd": 15,
        "marginStart": 15,
      }
    }
  >
    <View
      style={
        Object {
          "alignItems": "center",
          "flexDirection": "row",
          "flexWrap": "nowrap",
          "marginBottom": 20,
        }
      }
    >
      <View
        accessible={true}
        focusable={true}
        onClick={[Function]}
        onResponderGrant={[Function]}
        onResponderMove={[Function]}
        onResponderRelease={[Function]}
        onResponderTerminate={[Function]}
        onResponderTerminationRequest={[Function]}
        onStartShouldSetResponder={[Function]}
        style={
          Object {
            "backgroundColor": "transparent",
            "borderRadius": 25,
            "height": 50,
            "opacity": 1,
            "width": 50,
          }
        }
      >
        <View
          accessibilityIgnoresInvertColors={true}
          style={
            Object {
              "backgroundColor": "transparent",
              "borderRadius": 25,
              "flex": 1,
              "overflow": "hidden",
              "position": "relative",
            }
          }
        >
          <Image
            borderRadius={25}
            onLoad={[Function]}
            source={
              Object {
                "uri": "https://davidaf.solidcommunity.net/profile/fotosolid.png",
              }
            }
            style={
              Object {
                "bottom": 0,
                "flex": 1,
                "height": undefined,
                "left": 0,
                "position": "absolute",
                "right": 0,
                "top": 0,
                "width": undefined,
              }
            }
            testID="RNE__Image"
            theme={
              Object {
                "colors": Object {
                  "black": "#242424",
                  "disabled": "hsl(208, 8%, 90%)",
                  "divider": "#bcbbc1",
                  "error": "#ff190c",
                  "grey0": "#393e42",
                  "grey1": "#43484d",
                  "grey2": "#5e6977",
                  "grey3": "#86939e",
                  "grey4": "#bdc6cf",
                  "grey5": "#e1e8ee",
                  "greyOutline": "#bbb",
                  "platform": Object {
                    "android": Object {
                      "error": "#f44336",
                      "grey": "rgba(0, 0, 0, 0.54)",
                      "primary": "#2196f3",
                      "searchBg": "#dcdce1",
                      "secondary": "#9C27B0",
                      "success": "#4caf50",
                      "warning": "#ffeb3b",
                    },
                    "default": Object {
                      "error": "#ff3b30",
                      "grey": "#7d7d7d",
                      "primary": "#007aff",
                      "searchBg": "#dcdce1",
                      "secondary": "#5856d6",
                      "success": "#4cd964",
                      "warning": "#ffcc00",
                    },
                    "ios": Object {
                      "error": "#ff3b30",
                      "grey": "#7d7d7d",
                      "primary": "#007aff",
                      "searchBg": "#dcdce1",
                      "secondary": "#5856d6",
                      "success": "#4cd964",
                      "warning": "#ffcc00",
                    },
                    "web": Object {
                      "error": "#ff190c",
                      "grey": "#393e42",
                      "primary": "#2089dc",
                      "searchBg": "#303337",
                      "secondary": "#ca71eb",
                      "success": "#52c41a",
                      "warning": "#faad14",
                    },
                  },
                  "primary": "#2089dc",
                  "searchBg": "#303337",
                  "secondary": "#ca71eb",
                  "success": "#52c41a",
                  "warning": "#faad14",
                  "white": "#ffffff",
                },
              }
            }
            transition={true}
            transitionDuration={360}
          />
          <View
            accessibilityElementsHidden={true}
            importantForAccessibility="no-hide-descendants"
            pointerEvents="none"
            style={
              Object {
                "bottom": 0,
                "left": 0,
                "opacity": 1,
                "position": "absolute",
                "right": 0,
                "top": 0,
              }
            }
          >
            <View
              style={
                Object {
                  "alignItems": "center",
                  "backgroundColor": "#bdbdbd",
                  "flex": 1,
                  "height": undefined,
                  "justifyContent": "center",
                  "width": undefined,
                }
              }
              testID="RNE__Image__placeholder"
            />
          </View>
          <View
            style={
              Object {
                "flex": 1,
                "height": undefined,
                "width": undefined,
              }
            }
          />
        </View>
      </View>
      <Text
        style={
          Object {
            "flex": 1,
            "flexWrap": "wrap",
            "fontSize": 16,
            "marginEnd": "auto",
            "marginStart": 10,
          }
        }
      >
        David Álvarez
      </Text>
      <View
        accessible={true}
        collapsable={false}
        focusable={true}
        onBlur={[Function]}
        onClick={[Function]}
        onFocus={[Function]}
        onResponderGrant={[Function]}
        onResponderMove={[Function]}
        onResponderRelease={[Function]}
        onResponderTerminate={[Function]}
        onResponderTerminationRequest={[Function]}
        onStartShouldSetResponder={[Function]}
      >
        <Text
          style={
            Object {
              "alignSelf": "flex-end",
              "backgroundColor": "#007bff",
              "borderRadius": 4,
              "color": "white",
              "fontSize": 16,
              "height": 40,
              "textAlign": "center",
              "textAlignVertical": "center",
              "width": 100,
            }
          }
        >
          Log out
        </Text>
      </View>
    </View>
    <View
      style={
        Object {
          "backgroundColor": "#bcbbc1",
          "height": 0.5,
        }
      }
    />
    <View
      style={
        Object {
          "alignItems": "center",
          "flexDirection": "row",
          "marginTop": 10,
        }
      }
    >
      <View
        style={
          Object {
            "overflow": "hidden",
          }
        }
      >
        <View>
          <View
            style={
              Object {
                "alignItems": "center",
                "backgroundColor": "transparent",
                "justifyContent": "center",
              }
            }
          >
            <Text
              allowFontScaling={false}
              style={
                Array [
                  Object {
                    "color": "#242424",
                    "fontSize": 20,
                  },
                  Object {
                    "backgroundColor": "transparent",
                  },
                  Object {
                    "fontFamily": "Material Icons",
                    "fontStyle": "normal",
                    "fontWeight": "normal",
                  },
                  Object {},
                ]
              }
              testID="iconIcon"
            >
              
            </Text>
          </View>
        </View>
      </View>
      <Text
        style={
          Object {
            "fontSize": 16,
            "marginEnd": "auto",
            "marginStart": 7,
          }
        }
      >
        Send my location
      </Text>
      <RCTSwitch
        accessibilityRole="switch"
        onChange={[Function]}
        onResponderTerminationRequest={[Function]}
        onStartShouldSetResponder={[Function]}
        onTintColor="#9ec2ff"
        style={
          Object {
            "height": 31,
            "width": 51,
          }
        }
        thumbTintColor="#f4f3f4"
        tintColor="#d6d6d6"
        value={false}
      />
    </View>
    <View
      style={
        Object {
          "alignItems": "center",
          "flexDirection": "column",
          "marginTop": 10,
        }
      }
    >
      <View
        style={
          Object {
            "alignItems": "center",
            "alignSelf": "flex-start",
            "flexDirection": "row",
          }
        }
      >
        <View
          style={
            Object {
              "overflow": "hidden",
            }
          }
        >
          <View>
            <View
              style={
                Object {
                  "alignItems": "center",
                  "backgroundColor": "transparent",
                  "justifyContent": "center",
                }
              }
            >
              <Text
                allowFontScaling={false}
                style={
                  Array [
                    Object {
                      "color": "#242424",
                      "fontSize": 20,
                    },
                    Object {
                      "backgroundColor": "transparent",
                    },
                    Object {
                      "fontFamily": "Material Icons",
                      "fontStyle": "normal",
                      "fontWeight": "normal",
                    },
                    Object {},
                  ]
                }
                testID="iconIcon"
              >
                
              </Text>
            </View>
          </View>
        </View>
        <View
          style={
            Object {
              "flex": 3,
            }
          }
        >
          <Text
            style={
              Object {
                "fontSize": 16,
                "marginStart": 7,
              }
            }
          >
            Max distance for friend notifications:
          </Text>
        </View>
        <View
          style={
            Object {
              "flex": 1,
            }
          }
        >
          <Text
            style={
              Object {
                "fontSize": 16,
                "marginEnd": 10,
                "textAlign": "right",
              }
            }
          >
            100
             m
          </Text>
        </View>
      </View>
      <View
        allowTouchTrack={true}
        animationType="timing"
        onLayout={[Function]}
        onValueChange={[Function]}
        orientation="horizontal"
        step={10}
        style={
          Object {
            "height": 40,
            "justifyContent": "center",
            "marginTop": 5,
            "width": 250,
          }
        }
        theme={
          Object {
            "colors": Object {
              "black": "#242424",
              "disabled": "hsl(208, 8%, 90%)",
              "divider": "#bcbbc1",
              "error": "#ff190c",
              "grey0": "#393e42",
              "grey1": "#43484d",
              "grey2": "#5e6977",
              "grey3": "#86939e",
              "grey4": "#bdc6cf",
              "grey5": "#e1e8ee",
              "greyOutline": "#bbb",
              "platform": Object {
                "android": Object {
                  "error": "#f44336",
                  "grey": "rgba(0, 0, 0, 0.54)",
                  "primary": "#2196f3",
                  "searchBg": "#dcdce1",
                  "secondary": "#9C27B0",
                  "success": "#4caf50",
                  "warning": "#ffeb3b",
                },
                "default": Object {
                  "error": "#ff3b30",
                  "grey": "#7d7d7d",
                  "primary": "#007aff",
                  "searchBg": "#dcdce1",
                  "secondary": "#5856d6",
                  "success": "#4cd964",
                  "warning": "#ffcc00",
                },
                "ios": Object {
                  "error": "#ff3b30",
                  "grey": "#7d7d7d",
                  "primary": "#007aff",
                  "searchBg": "#dcdce1",
                  "secondary": "#5856d6",
                  "success": "#4cd964",
                  "warning": "#ffcc00",
                },
                "web": Object {
                  "error": "#ff190c",
                  "grey": "#393e42",
                  "primary": "#2089dc",
                  "searchBg": "#303337",
                  "secondary": "#ca71eb",
                  "success": "#52c41a",
                  "warning": "#faad14",
                },
              },
              "primary": "#2089dc",
              "searchBg": "#303337",
              "secondary": "#ca71eb",
              "success": "#52c41a",
              "warning": "#faad14",
              "white": "#ffffff",
            },
          }
        }
        thumbTouchSize={
          Object {
            "height": 23,
            "width": 23,
          }
        }
        value={100}
      >
        <View
          onLayout={[Function]}
          style={
            Object {
              "backgroundColor": "#b3b3b3",
              "borderRadius": 2,
              "height": 3,
            }
          }
        />
        <View
          style={
            Object {
              "backgroundColor": "#3f3f3f",
              "borderRadius": 2,
              "height": 0,
              "marginTop": -0,
              "position": "absolute",
              "width": 0,
            }
          }
        />
        <View
          onLayout={[Function]}
          style={
            Object {
              "backgroundColor": "#007bff",
              "borderRadius": 20,
              "height": 22,
              "position": "absolute",
              "transform": Array [
                Object {
                  "translateX": 0,
                },
              ],
              "width": 22,
            }
          }
          testID="sliderThumb"
        />
        <View
          onMoveShouldSetResponder={[Function]}
          onMoveShouldSetResponderCapture={[Function]}
          onResponderEnd={[Function]}
          onResponderGrant={[Function]}
          onResponderMove={[Function]}
          onResponderReject={[Function]}
          onResponderRelease={[Function]}
          onResponderStart={[Function]}
          onResponderTerminate={[Function]}
          onResponderTerminationRequest={[Function]}
          onStartShouldSetResponder={[Function]}
          onStartShouldSetResponderCapture={[Function]}
          style={
            Object {
              "backgroundColor": "transparent",
              "bottom": 0,
              "left": 0,
              "position": "absolute",
              "right": 0,
              "top": 0,
            }
          }
        />
      </View>
    </View>
  </View>
  <View
    style={
      Object {
        "flex": 1,
        "justifyContent": "flex-end",
      }
    }
  >
    <View
      style={
        Object {
          "alignItems": "flex-end",
          "bottom": 0,
          "justifyContent": "flex-end",
          "left": 0,
          "position": "absolute",
          "right": 0,
          "top": 0,
        }
      }
    >
      <AIRMap
        handlePanDrag={false}
        initialRegion={
          Object {
            "latitude": 32.5245988789034,
            "latitudeDelta": 26.71393659121558,
            "longitude": -3.0120493099093437,
            "longitudeDelta": 13.803074732422829,
          }
        }
        moveOnMarkerPress={false}
        onChange={[Function]}
        onLayout={[Function]}
        onMapReady={[Function]}
        onMarkerPress={[Function]}
        onRegionChange={[Function]}
        region={null}
        style={
          Object {
            "bottom": 0,
            "left": 0,
            "position": "absolute",
            "right": 0,
            "top": 0,
          }
        }
      />
    </View>
  </View>
</View>
`;
