// Jest Snapshot v1, https://goo.gl/fbAQLP

exports[`log in form renders correctly 1`] = `
<View>
  <View
    style={
      Object {
        "alignItems": "center",
        "flex": 1,
        "marginEnd": "auto",
        "marginStart": "auto",
      }
    }
  >
    <Text
      style={
        Object {
          "alignSelf": "flex-start",
          "fontSize": 22,
          "fontWeight": "bold",
          "marginBottom": 10,
        }
      }
    >
      Log in
    </Text>
    <Text
      style={
        Object {
          "alignSelf": "flex-start",
          "fontSize": 16,
          "marginBottom": 10,
        }
      }
    >
      Solid identity provider:
    </Text>
    <TextInput
      allowFontScaling={true}
      onChangeText={[Function]}
      placeholder="e. g. https://solidcommunity.net"
      rejectResponderTermination={true}
      style={
        Object {
          "borderColor": "gray",
          "borderRadius": 4,
          "borderWidth": 1,
          "height": 40,
          "marginBottom": 20,
          "width": 270,
        }
      }
      underlineColorAndroid="transparent"
    />
    <Text
      style={
        Object {
          "alignSelf": "flex-start",
          "fontSize": 16,
          "marginBottom": 10,
        }
      }
    >
      Username:
    </Text>
    <TextInput
      allowFontScaling={true}
      onChangeText={[Function]}
      placeholder="Username"
      rejectResponderTermination={true}
      style={
        Object {
          "borderColor": "gray",
          "borderRadius": 4,
          "borderWidth": 1,
          "height": 40,
          "marginBottom": 20,
          "width": 270,
        }
      }
      underlineColorAndroid="transparent"
    />
    <Text
      style={
        Object {
          "alignSelf": "flex-start",
          "fontSize": 16,
          "marginBottom": 10,
        }
      }
    >
      Password:
    </Text>
    <TextInput
      allowFontScaling={true}
      onChangeText={[Function]}
      placeholder="Password"
      rejectResponderTermination={true}
      secureTextEntry={true}
      style={
        Object {
          "borderColor": "gray",
          "borderRadius": 4,
          "borderWidth": 1,
          "height": 40,
          "marginBottom": 20,
          "width": 270,
        }
      }
      underlineColorAndroid="transparent"
    />
    <View
      accessible={true}
      collapsable={false}
      focusable={true}
      onBlur={[Function]}
      onClick={[Function]}
      onFocus={[Function]}
      onResponderGrant={[Function]}
      onResponderMove={[Function]}
      onResponderRelease={[Function]}
      onResponderTerminate={[Function]}
      onResponderTerminationRequest={[Function]}
      onStartShouldSetResponder={[Function]}
      style={
        Object {
          "alignSelf": "flex-end",
        }
      }
    >
      <Text
        style={
          Object {
            "alignSelf": "flex-end",
            "backgroundColor": "#007bff",
            "borderRadius": 4,
            "color": "white",
            "fontSize": 16,
            "height": 40,
            "textAlign": "center",
            "textAlignVertical": "center",
            "width": 100,
          }
        }
      >
        Send
      </Text>
    </View>
  </View>
  <View
    style={
      Object {
        "alignItems": "flex-start",
        "backgroundColor": "#e3e3e3",
        "borderRadius": 4,
        "margin": 25,
        "marginTop": 30,
        "padding": 15,
      }
    }
  >
    <View
      style={
        Object {
          "overflow": "hidden",
        }
      }
    >
      <View>
        <View
          style={
            Object {
              "alignItems": "center",
              "backgroundColor": "transparent",
              "justifyContent": "center",
            }
          }
        >
          <Text
            allowFontScaling={false}
            style={
              Array [
                Object {
                  "color": "#242424",
                  "fontSize": 24,
                },
                Object {
                  "backgroundColor": "transparent",
                },
                Object {
                  "fontFamily": "Material Icons",
                  "fontStyle": "normal",
                  "fontWeight": "normal",
                },
                Object {},
              ]
            }
            testID="iconIcon"
          >
            î¢Ž
          </Text>
        </View>
      </View>
    </View>
    <Text
      style={
        Object {
          "marginTop": 7,
        }
      }
    >
      To use Radarin you need to have a Solid POD and have added https://solid-node-client as a trusted app
    </Text>
    <Text
      style={
        Object {
          "marginTop": 7,
        }
      }
    >
      If you don't have a POD, you can get one 
      <Text
        onPress={[Function]}
        style={
          Object {
            "color": "#3d48e3",
            "textDecorationLine": "underline",
          }
        }
      >
        here
      </Text>
      .
    </Text>
    <Text
      style={
        Object {
          "marginTop": 7,
        }
      }
    >
      If you don't know how to add a trusted app, you can find more information 
      <Text
        onPress={[Function]}
        style={
          Object {
            "color": "#3d48e3",
            "textDecorationLine": "underline",
          }
        }
      >
        here
      </Text>
      .
    </Text>
  </View>
</View>
`;
